// Jest Snapshot v1, https://goo.gl/fbAQLP

exports[`App renders correctly 1`] = `
<View
  style={
    Object {
      "alignItems": "center",
      "backgroundColor": "#F5FCFF",
      "flex": 1,
      "justifyContent": "center",
    }
  }
>
  <View
    style={
      Object {
        "alignItems": "center",
        "backgroundColor": "#F5FCFF",
        "flex": 1,
        "justifyContent": "center",
      }
    }
  >
    <View
      style={
        Object {
          "alignItems": "center",
          "backgroundColor": "#F5FCFF",
          "flex": 1,
          "justifyContent": "center",
        }
      }
    >
      <Text
        accessible={true}
        allowFontScaling={true}
        ellipsizeMode="tail"
        style={
          Object {
            "fontSize": 20,
          }
        }
      >
        eSpeak
      </Text>
      <Image
        source={
          Object {
            "uri": "https://i.imgur.com/ana1fGy.png",
          }
        }
        style={
          Object {
            "height": 100,
            "margin": 10,
            "width": 100,
          }
        }
      />
      <TextInput
        allowFontScaling={true}
        onChangeText={[Function]}
        placeholder="email"
        style={
          Object {
            "backgroundColor": "#CFCCD0",
            "borderRadius": 8,
            "margin": 10,
            "padding": 10,
            "paddingHorizontal": 8,
            "paddingVertical": 10,
            "width": 200,
          }
        }
        value=""
      />
      <TextInput
        allowFontScaling={true}
        onChangeText={[Function]}
        placeholder="password"
        secureTextEntry={true}
        style={
          Object {
            "backgroundColor": "#CFCCD0",
            "borderRadius": 8,
            "margin": 10,
            "padding": 10,
            "paddingHorizontal": 8,
            "paddingVertical": 10,
            "width": 200,
          }
        }
        value=""
      />
      <View
        accessibilityComponentType={undefined}
        accessibilityLabel={undefined}
        accessibilityTraits={undefined}
        accessible={true}
        collapsable={undefined}
        hasTVPreferredFocus={undefined}
        hitSlop={undefined}
        isTVSelectable={true}
        nativeID={undefined}
        onLayout={undefined}
        onResponderGrant={[Function]}
        onResponderMove={[Function]}
        onResponderRelease={[Function]}
        onResponderTerminate={[Function]}
        onResponderTerminationRequest={[Function]}
        onStartShouldSetResponder={[Function]}
        style={
          Object {
            "alignItems": "center",
            "backgroundColor": "#3AAFB9",
            "borderRadius": 8,
            "display": "flex",
            "justifyContent": "center",
            "margin": 10,
            "opacity": 1,
            "paddingVertical": 10,
            "shadowColor": "#979797",
            "shadowOffset": Object {
              "height": 2,
              "width": 2,
            },
            "shadowOpacity": 0.7,
            "shadowRadius": 4,
            "width": 200,
          }
        }
        testID={undefined}
        tvParallaxProperties={undefined}
      >
        <Text
          accessible={true}
          allowFontScaling={true}
          ellipsizeMode="tail"
          style={
            Object {
              "color": "#FFFFFF",
            }
          }
        >
          LOGIN
        </Text>
      </View>
      <View
        accessibilityComponentType={undefined}
        accessibilityLabel={undefined}
        accessibilityTraits={undefined}
        accessible={true}
        collapsable={undefined}
        hasTVPreferredFocus={undefined}
        hitSlop={undefined}
        isTVSelectable={true}
        nativeID={undefined}
        onLayout={undefined}
        onResponderGrant={[Function]}
        onResponderMove={[Function]}
        onResponderRelease={[Function]}
        onResponderTerminate={[Function]}
        onResponderTerminationRequest={[Function]}
        onStartShouldSetResponder={[Function]}
        style={
          Object {
            "alignItems": "center",
            "display": "flex",
            "height": 25,
            "justifyContent": "center",
            "margin": 10,
            "opacity": 1,
            "width": 200,
          }
        }
        testID={undefined}
        tvParallaxProperties={undefined}
      >
        <Text
          accessible={true}
          allowFontScaling={true}
          ellipsizeMode="tail"
        >
          New? Register here
        </Text>
      </View>
    </View>
  </View>
</View>
`;
